// Vitest Snapshot v1, https://vitest.dev/guide/snapshot.html

exports[`Sql search by type-specific filters > supports assetId and script filters 1`] = `"select "t"."asset_id" as "asset_id", "t"."fee" as "fee", "t"."height" as "height", "t"."id" as "id", "t"."proofs" as "proofs", "t"."script" as "script", "t"."sender" as "sender", "t"."sender_public_key" as "sender_public_key", "t"."signature" as "signature", "t"."status" as "status", "t"."time_stamp" as "time_stamp", "t"."tx_type" as "tx_type", "t"."tx_version" as "tx_version", "t"."uid" as "uid" from "txs_15" as "t" where "asset_id" = 'DCC' and md5(script) = '19ef6b3d410646859afc954c10322e28'"`;

exports[`Sql search by type-specific filters > supports assetId filter 1`] = `"select "t"."asset_id" as "asset_id", "t"."fee" as "fee", "t"."height" as "height", "t"."id" as "id", "t"."proofs" as "proofs", "t"."script" as "script", "t"."sender" as "sender", "t"."sender_public_key" as "sender_public_key", "t"."signature" as "signature", "t"."status" as "status", "t"."time_stamp" as "time_stamp", "t"."tx_type" as "tx_type", "t"."tx_version" as "tx_version", "t"."uid" as "uid" from "txs_15" as "t" where "asset_id" = 'DCC'"`;

exports[`Sql search by type-specific filters > supports script filter 1`] = `"select "t"."asset_id" as "asset_id", "t"."fee" as "fee", "t"."height" as "height", "t"."id" as "id", "t"."proofs" as "proofs", "t"."script" as "script", "t"."sender" as "sender", "t"."sender_public_key" as "sender_public_key", "t"."signature" as "signature", "t"."status" as "status", "t"."time_stamp" as "time_stamp", "t"."tx_type" as "tx_type", "t"."tx_version" as "tx_version", "t"."uid" as "uid" from "txs_15" as "t" where md5(script) = '19ef6b3d410646859afc954c10322e28'"`;
